Microchip MPLAB XC8 Compiler V2.00 ()

Linker command line:

-W-3 --edf=D:\Microchip\xc8\v2.00\pic\dat\en_msgs.txt -cs \
  -h+dist/default/production\TestSample.X.production.sym \
  --cmf=dist/default/production\TestSample.X.production.cmf -z -Q18F14K22 \
  -oC:\Users\KSV\AppData\Local\Temp\2\s6v0.2 --defsym=__MPLAB_BUILD=1 \
  -Mdist/default/production/TestSample.X.production.map -E1 -ver=XC8 \
  --acfsm=1493 -ASTACK=0182h-01ffh -pstack=STACK -ACODE=00h-03FFFh \
  -ACONST=00h-03FFFh -ASMALLCONST=0200h-02FFhx62 -AMEDIUMCONST=0200h-03FFFh \
  -ACOMRAM=01h-05Fh -AABS1=00h-01FFh -ABIGRAM=01h-01FFh \
  -ARAM=060h-0FFh,0100h-01FFh -ABANK0=060h-0FFh -ABANK1=0100h-01FFh \
  -ASFR=0F60h-0FFFh -preset_vec=00h,intcode=08h,intcodelo,powerup,init \
  -pramtop=0200h -psmallconst=SMALLCONST -pmediumconst=MEDIUMCONST \
  -pconst=CONST -AFARRAM=00h-00h -ACONFIG=0300000h-030000Dh -pconfig=CONFIG \
  -AIDLOC=0200000h-0200007h -pidloc=IDLOC -AEEDATA=0F00000h-0F000FFh \
  -peeprom_data=EEDATA \
  -prdata=COMRAM,nvrram=COMRAM,nvbit=COMRAM,rbss=COMRAM,rbit=COMRAM \
  -pfarbss=FARRAM,fardata=FARRAM,nvFARRAM=FARRAM \
  -pintsave_regs=BIGRAM,bigbss=BIGRAM,bigdata=BIGRAM -pbss=RAM \
  -pidata=CODE,irdata=CODE,ibigdata=CODE,ifardata=CODE -prparam=COMRAM \
  C:\Users\KSV\AppData\Local\Temp\2\s6v0.o \
  dist/default/production\TestSample.X.production.o 

Object code version is 3.11

Machine type is 18F14K22

Call graph: (short form)




                Name                               Link     Load   Length Selector   Space Scale
C:\Users\KSV\AppData\Local\Temp\2\s6v0.o
                init                                164      164        4        4       0
                reset_vec                             0        0        4        0       0
                idloc                            200000   200000        8   200000       0
                config                           300000   300000        E   300000       0
dist/default/production\TestSample.X.production.o
                eeprom_data                      F00000   F00000       10   F00000       0
                intcode                               8        8      15C        4       0
                temp                                 42       42        1        1       1
                text15                              E18      E18      104        4       0
                text14                             127C     127C       32        4       0
                text13                              B12      B12      1C8        4       0
                text12                              CDA      CDA      13E        4       0
                text11                              FD4      FD4       9E        4       0
                text10                              888      888      28A        4       0
                text9                              1072     1072       8E        4       0
                text8                              123C     123C       40        4       0
                text7                              12DC     12DC       22        4       0
                text6                              11B8     11B8       44        4       0
                text5                               5C8      5C8      2C0        4       0
                text4                              1164     1164       54        4       0
                text3                               F1C      F1C       B8        4       0
                text2                              1100     1100       64        4       0
                text1                              11FC     11FC       40        4       0
                text0                               168      168      460        4       0
                cstackCOMRAM                          1        1       25        1       1
                cstackBANK0                          60       60       1C       60       1
                bssBIGRAM                            7C       7C      106       7C       1
                bssCOMRAM                            26       26       1C        1       1
                cinit                              12AE     12AE       2E        4       0

TOTAL           Name                               Link     Load   Length     Space
        CLASS   STACK          

        CLASS   CODE           
                intcode                               8        8      15C         0
                init                                164      164        4         0
                reset_vec                             0        0        4         0
                text15                              E18      E18      104         0
                text14                             127C     127C       32         0
                text13                              B12      B12      1C8         0
                text12                              CDA      CDA      13E         0
                text11                              FD4      FD4       9E         0
                text10                              888      888      28A         0
                text9                              1072     1072       8E         0
                text8                              123C     123C       40         0
                text7                              12DC     12DC       22         0
                text6                              11B8     11B8       44         0
                text5                               5C8      5C8      2C0         0
                text4                              1164     1164       54         0
                text3                               F1C      F1C       B8         0
                text2                              1100     1100       64         0
                text1                              11FC     11FC       40         0
                text0                               168      168      460         0
                cinit                              12AE     12AE       2E         0

        CLASS   CONST          

        CLASS   SMALLCONST     

        CLASS   MEDIUMCONST    

        CLASS   COMRAM         
                temp                                 42       42        1         1
                cstackCOMRAM                          1        1       25         1
                bssCOMRAM                            26       26       1C         1

        CLASS   ABS1           

        CLASS   BIGRAM         
                bssBIGRAM                            7C       7C      106         1

        CLASS   RAM            

        CLASS   BANK0          
                cstackBANK0                          60       60       1C         1

        CLASS   BANK1          

        CLASS   SFR            

        CLASS   FARRAM         

        CLASS   CONFIG         
                config                           300000   300000        E         0

        CLASS   IDLOC          
                idloc                            200000   200000        8         0

        CLASS   EEDATA         
                eeprom_data                      F00000   F00000       10         0



SEGMENTS        Name                           Load    Length   Top    Selector   Space  Class

                reset_vec                      000000  000004  000004         0       0  CODE    
                cstackCOMRAM                   000001  000042  000043         1       1  COMRAM  
                intcode                        000008  0012F6  0012FE         4       0  CODE    
                cstackBANK0                    000060  00001C  00007C        60       1  BANK0   
                bssBIGRAM                      00007C  000106  000182        7C       1  BIGRAM  
                idloc                          200000  000008  200008    200000       0  IDLOC   
                config                         300000  00000E  30000E    300000       0  CONFIG  
                eeprom_data                    F00000  000010  F00010    F00000       0  EEDATA  


UNUSED ADDRESS RANGES

        Name                Unused          Largest block    Delta
        BANK1            000182-0001FF               7E
        BIGRAM           000043-00005F               1D
                         000182-0001FF               7E
        CODE             000004-000007                4
                         0012FE-003FFF             2D02
        COMRAM           000043-00005F               1D
        CONST            000004-000007                4
                         0012FE-003FFF             2D02
        EEDATA           F00010-F000FF               F0
        MEDIUMCONST      0012FE-003FFF             2D02
        RAM              000182-0001FF               7E
        SFR              000F60-000FFF               A0
        SMALLCONST       0012FE-003FFF              100
        STACK            000182-0001FF               7E

                                  Symbol Table

?_BAUD_CALC                     cstackCOMRAM 000014
?_CRC16                         cstackCOMRAM 000007
?___lldiv                       cstackCOMRAM 000007
BAUD_CALC@var                   cstackCOMRAM 00001A
BAUD_CALC@x                     cstackCOMRAM 000014
BAUD_CALC@xlat                  cstackCOMRAM 000016
CRC16@byte_cnt                  cstackCOMRAM 000009
CRC16@ptrByte                   cstackCOMRAM 000007
CRC16@shift_cnt                 cstackCOMRAM 000010
CRC16@w                         cstackCOMRAM 000011
MODBUS_SLAVE@MODBUS             cstackCOMRAM 000018
MODBUS_SLAVE@tmp                cstackCOMRAM 00001F
TX_03@MODBUS                    cstackCOMRAM 00000A
TX_03@m                         cstackCOMRAM 000016
TX_03@n                         cstackCOMRAM 000010
TX_03@regAddr                   cstackCOMRAM 000012
TX_03@regCount                  cstackCOMRAM 000014
TX_16@MODBUS                    cstackCOMRAM 00000A
TX_16@i                         cstackCOMRAM 000013
TX_16@j                         cstackCOMRAM 000015
TX_16@regAddr                   cstackCOMRAM 000016
TX_16@regCount                  cstackCOMRAM 000012
TX_ERROR@MODBUS                 cstackCOMRAM 000007
TX_ERROR@error_type             cstackCOMRAM 000009
TX_FRAME@MODBUS                 cstackCOMRAM 000007
_ANSEL                          (abs)        000F7E
_ANSELH                         (abs)        000F7F
_BAUD_CALC                      text2        001100
_BRG16                          (abs)        007DC3
_BRGH                           (abs)        007D62
_CRC16                          text15       000E18
_EEADR                          (abs)        000FA9
_EECON1bits                     (abs)        000FA6
_EECON2                         (abs)        000FA7
_EEDATA                         (abs)        000FA8
_INTCONbits                     (abs)        000FF2
_MODBUS                         bssBIGRAM    00007C
_MODBUS_SLAVE                   text10       000888
_OSCCON                         (abs)        000FD3
_OSCTUNE                        (abs)        000F9B
_PIE1bits                       (abs)        000F9D
_PIR1bits                       (abs)        000F9E
_PORTA                          (abs)        000F80
_PORTB                          (abs)        000F81
_PORTBbits                      (abs)        000F81
_PORTC                          (abs)        000F82
_PORTCbits                      (abs)        000F82
_RCREG                          (abs)        000FAE
_RCSTAbits                      (abs)        000FAB
_SLRCON                         (abs)        000F76
_SPBRG                          (abs)        000FAF
_SPBRGH                         (abs)        000FB0
_SYNC                           (abs)        007D64
_T0CON                          (abs)        000FD5
_T1CON                          (abs)        000FCD
_T1CONbits                      (abs)        000FCD
_TMR0H                          (abs)        000FD7
_TMR0L                          (abs)        000FD6
_TMR1H                          (abs)        000FCF
_TMR1L                          (abs)        000FCE
_TRISA                          (abs)        000F92
_TRISB                          (abs)        000F93
_TRISBbits                      (abs)        000F93
_TRISC                          (abs)        000F94
_TRISCbits                      (abs)        000F94
_TX9                            (abs)        007D66
_TX9D                           (abs)        007D60
_TXEN                           (abs)        007D65
_TXREG                          (abs)        000FAD
_TXSTAbits                      (abs)        000FAC
_TX_03                          text13       000B12
_TX_16                          text12       000CDA
_TX_ERROR                       text14       00127C
_TX_FRAME                       text11       000FD4
__CFG_BBSIZ$OFF                 (abs)        000000
__CFG_BOREN$SBORDIS             (abs)        000000
__CFG_BORV$19                   (abs)        000000
__CFG_CP0$OFF                   (abs)        000000
__CFG_CP1$OFF                   (abs)        000000
__CFG_CPB$OFF                   (abs)        000000
__CFG_CPD$OFF                   (abs)        000000
__CFG_EBTR0$OFF                 (abs)        000000
__CFG_EBTR1$OFF                 (abs)        000000
__CFG_EBTRB$OFF                 (abs)        000000
__CFG_FCMEN$OFF                 (abs)        000000
__CFG_FOSC$IRC                  (abs)        000000
__CFG_HFOFST$ON                 (abs)        000000
__CFG_IESO$OFF                  (abs)        000000
__CFG_LVP$ON                    (abs)        000000
__CFG_MCLRE$ON                  (abs)        000000
__CFG_PCLKEN$ON                 (abs)        000000
__CFG_PLLEN$OFF                 (abs)        000000
__CFG_PWRTEN$ON                 (abs)        000000
__CFG_STVREN$ON                 (abs)        000000
__CFG_WDTEN$ON                  (abs)        000000
__CFG_WDTPS$32768               (abs)        000000
__CFG_WRT0$OFF                  (abs)        000000
__CFG_WRT1$OFF                  (abs)        000000
__CFG_WRTB$OFF                  (abs)        000000
__CFG_WRTC$OFF                  (abs)        000000
__CFG_WRTD$OFF                  (abs)        000000
__CFG_XINST$OFF                 (abs)        000000
__HRAM                          (abs)        000000
__Habs1                         abs1         000000
__Hbank0                        bank0        000000
__Hbank1                        bank1        000000
__Hbigbss                       bigbss       000000
__Hbigdata                      bigdata      000000
__Hbigram                       bigram       000000
__Hbss                          bss          000000
__HbssBIGRAM                    bssBIGRAM    000000
__HbssCOMRAM                    bssCOMRAM    000000
__Hcinit                        cinit        000000
__Hclrtext                      clrtext      000000
__Hcomram                       comram       000000
__Hconfig                       config       30000E
__Hconst                        const        000000
__HcstackBANK0                  cstackBANK0  000000
__HcstackCOMRAM                 cstackCOMRAM 000000
__Hdata                         data         000000
__Heeprom_data                  eeprom_data  F00010
__Hfarbss                       farbss       000000
__Hfardata                      fardata      000000
__Hibigdata                     ibigdata     000000
__Hidata                        idata        000000
__Hidloc                        idloc        200008
__Hifardata                     ifardata     000000
__Hinit                         init         000168
__Hintcode                      intcode      000164
__Hintcode_body                 intcode_body 000000
__Hintcodelo                    intcodelo    000164
__Hintentry                     intentry     000000
__Hintret                       intret       000000
__Hintsave_regs                 intsave_regs 000000
__Hirdata                       irdata       000000
__Hmediumconst                  mediumconst  000000
__HnvFARRAM                     nvFARRAM     000000
__Hnvbit                        nvbit        000000
__Hnvrram                       nvrram       000000
__Hparam                        rparam       000000
__Hpowerup                      powerup      000164
__Hram                          ram          000000
__Hramtop                       ramtop       000200
__Hrbit                         rbit         000000
__Hrbss                         rbss         000000
__Hrdata                        rdata        000000
__Hreset_vec                    reset_vec    000004
__Hrparam                       rparam       000000
__Hsfr                          sfr          000000
__Hsmallconst                   smallconst   000000
__Hspace_0                      (abs)        F00010
__Hspace_1                      (abs)        000182
__Hspace_2                      (abs)        000000
__Hstack                        stack        000000
__Hstruct                       struct       000000
__Htemp                         temp         000043
__Htext                         text         000000
__Htext0                        text0        000000
__Htext1                        text1        000000
__Htext10                       text10       000000
__Htext11                       text11       000000
__Htext12                       text12       000000
__Htext13                       text13       000000
__Htext14                       text14       000000
__Htext15                       text15       000000
__Htext2                        text2        000000
__Htext3                        text3        000000
__Htext4                        text4        000000
__Htext5                        text5        000000
__Htext6                        text6        000000
__Htext7                        text7        000000
__Htext8                        text8        000000
__Htext9                        text9        000000
__LRAM                          (abs)        000001
__Labs1                         abs1         000000
__Lbank0                        bank0        000000
__Lbank1                        bank1        000000
__Lbigbss                       bigbss       000000
__Lbigdata                      bigdata      000000
__Lbigram                       bigram       000000
__Lbss                          bss          000000
__LbssBIGRAM                    bssBIGRAM    000000
__LbssCOMRAM                    bssCOMRAM    000000
__Lcinit                        cinit        000000
__Lclrtext                      clrtext      000000
__Lcomram                       comram       000000
__Lconfig                       config       300000
__Lconst                        const        000000
__LcstackBANK0                  cstackBANK0  000000
__LcstackCOMRAM                 cstackCOMRAM 000000
__Ldata                         data         000000
__Leeprom_data                  eeprom_data  F00000
__Lfarbss                       farbss       000000
__Lfardata                      fardata      000000
__Libigdata                     ibigdata     000000
__Lidata                        idata        000000
__Lidloc                        idloc        200000
__Lifardata                     ifardata     000000
__Linit                         init         000164
__Lintcode                      intcode      000008
__Lintcode_body                 intcode_body 000000
__Lintcodelo                    intcodelo    000164
__Lintentry                     intentry     000000
__Lintret                       intret       000000
__Lintsave_regs                 intsave_regs 000000
__Lirdata                       irdata       000000
__Lmediumconst                  mediumconst  000000
__LnvFARRAM                     nvFARRAM     000000
__Lnvbit                        nvbit        000000
__Lnvrram                       nvrram       000000
__Lparam                        rparam       000000
__Lpowerup                      powerup      000164
__Lram                          ram          000000
__Lramtop                       ramtop       000200
__Lrbit                         rbit         000000
__Lrbss                         rbss         000000
__Lrdata                        rdata        000000
__Lreset_vec                    reset_vec    000000
__Lrparam                       rparam       000000
__Lsfr                          sfr          000000
__Lsmallconst                   smallconst   000000
__Lspace_0                      (abs)        000000
__Lspace_1                      (abs)        000000
__Lspace_2                      (abs)        000000
__Lstack                        stack        000000
__Lstruct                       struct       000000
__Ltemp                         temp         000042
__Ltext                         text         000000
__Ltext0                        text0        000000
__Ltext1                        text1        000000
__Ltext10                       text10       000000
__Ltext11                       text11       000000
__Ltext12                       text12       000000
__Ltext13                       text13       000000
__Ltext14                       text14       000000
__Ltext15                       text15       000000
__Ltext2                        text2        000000
__Ltext3                        text3        000000
__Ltext4                        text4        000000
__Ltext5                        text5        000000
__Ltext6                        text6        000000
__Ltext7                        text7        000000
__Ltext8                        text8        000000
__Ltext9                        text9        000000
__S0                            (abs)        F00010
__S1                            (abs)        000182
__S2                            (abs)        000000
___inthi_sp                     stack        000000
___intlo_sp                     stack        000000
___lldiv                        text3        000F1C
___lldiv@counter                cstackCOMRAM 000013
___lldiv@dividend               cstackCOMRAM 000007
___lldiv@divisor                cstackCOMRAM 00000B
___lldiv@quotient               cstackCOMRAM 00000F
___param_bank                   (abs)        000000
___rparam_used                  (abs)        000001
___sp                           stack        000000
__accesstop                     (abs)        000060
__activetblptr                  (abs)        000002
__end_of_BAUD_CALC              text2        001164
__end_of_CRC16                  text15       000F1C
__end_of_MODBUS_SLAVE           text10       000B12
__end_of_TX_03                  text13       000CDA
__end_of_TX_16                  text12       000E18
__end_of_TX_ERROR               text14       0012AE
__end_of_TX_FRAME               text11       001072
__end_of___lldiv                text3        000FD4
__end_of__initialization        cinit        0012CE
__end_of_get_mbaddr_from_pin    text9        001100
__end_of_isr                    intcode      000164
__end_of_load_data_from_eeprom  text5        000888
__end_of_main                   text0        0005C8
__end_of_memset                 text8        00127C
__end_of_pic_init               text4        0011B8
__end_of_read_eeprom_my         text7        0012FE
__end_of_uart_init              text1        00123C
__end_of_write_eeprom_my        text6        0011FC
__initialization                cinit        0012AE
__mediumconst                   mediumconst  000000
__pbssBIGRAM                    bssBIGRAM    00007C
__pbssCOMRAM                    bssCOMRAM    000026
__pcinit                        cinit        0012AE
__pcstackBANK0                  cstackBANK0  000060
__pcstackCOMRAM                 cstackCOMRAM 000001
__pintcode                      intcode      000008
__ptext0                        text0        000168
__ptext1                        text1        0011FC
__ptext10                       text10       000888
__ptext11                       text11       000FD4
__ptext12                       text12       000CDA
__ptext13                       text13       000B12
__ptext14                       text14       00127C
__ptext15                       text15       000E18
__ptext2                        text2        001100
__ptext3                        text3        000F1C
__ptext4                        text4        001164
__ptext5                        text5        0005C8
__ptext6                        text6        0011B8
__ptext7                        text7        0012DC
__ptext8                        text8        00123C
__ptext9                        text9        001072
__ramtop                        ramtop       000200
__size_of_BAUD_CALC             (abs)        000000
__size_of_CRC16                 (abs)        000000
__size_of_MODBUS_SLAVE          (abs)        000000
__size_of_TX_03                 (abs)        000000
__size_of_TX_16                 (abs)        000000
__size_of_TX_ERROR              (abs)        000000
__size_of_TX_FRAME              (abs)        000000
__size_of___lldiv               (abs)        000000
__size_of_get_mbaddr_from_pin   (abs)        000000
__size_of_isr                   (abs)        000000
__size_of_load_data_from_eeprom (abs)        000000
__size_of_main                  (abs)        000000
__size_of_memset                (abs)        000000
__size_of_pic_init              (abs)        000000
__size_of_read_eeprom_my        (abs)        000000
__size_of_uart_init             (abs)        000000
__size_of_write_eeprom_my       (abs)        000000
__smallconst                    smallconst   000000
_addr                           bssCOMRAM    00002B
_get_mbaddr_from_pin            text9        001072
_isr                            intcode      000008
_load_data_from_eeprom          text5        0005C8
_main                           text0        000168
_memset                         text8        00123C
_pic_init                       text4        001164
_read_eeprom_my                 text7        0012DC
_res_table                      bssCOMRAM    00002C
_rl4state                       bssCOMRAM    00002A
_ticks                          bssCOMRAM    000026
_uart_init                      text1        0011FC
_write_eeprom_my                text6        0011B8
btemp                           temp         000042
end_of_initialization           cinit        0012CE
get_mbaddr_from_pin@sw_value    cstackCOMRAM 000008
int$flags                       temp         000042
intlevel0                       text         000000
intlevel1                       text         000000
intlevel2                       text         000000
intlevel3                       text         000000
isr@bfVal                       cstackCOMRAM 000006
load_data_from_eeprom@crc       cstackCOMRAM 000012
load_data_from_eeprom@crc_out   cstackCOMRAM 000013
load_data_from_eeprom@i         cstackCOMRAM 000014
load_data_from_eeprom@i_907     cstackCOMRAM 000016
load_data_from_eeprom@i_908     cstackCOMRAM 000018
main@acnt                       cstackBANK0  000060
main@cnt                        cstackBANK0  00007A
main@i                          cstackBANK0  000062
main@i_492                      cstackBANK0  000068
main@i_495                      cstackBANK0  00006E
main@i_498                      cstackBANK0  000074
main@m                          cstackBANK0  000064
main@m_491                      cstackBANK0  000066
main@m_493                      cstackBANK0  00006A
main@m_494                      cstackBANK0  00006C
main@m_496                      cstackBANK0  000070
main@m_497                      cstackBANK0  000072
main@m_499                      cstackBANK0  000076
main@m_500                      cstackBANK0  000078
memset@c                        cstackCOMRAM 000009
memset@n                        cstackCOMRAM 00000B
memset@p                        cstackCOMRAM 00000D
memset@p1                       cstackCOMRAM 000007
read_eeprom_my@addr             cstackCOMRAM 000007
stackhi                         (abs)        0001FF
stacklo                         (abs)        000182
start                           init         000164
start_initialization            cinit        0012AE
ttemp5                          temp         000043
ttemp6                          temp         000046
ttemp7                          temp         00004A
uart_init@serialSpeed           cstackCOMRAM 00001E
write_eeprom_my@addr            cstackCOMRAM 000008
write_eeprom_my@bk              cstackCOMRAM 000009
write_eeprom_my@eeval           cstackCOMRAM 000007
wtemp8                          temp         000043


FUNCTION INFORMATION:

 *************** function _main *****************
 Defined at:
		line 61 in file "main.c"
 Parameters:    Size  Location     Type
		None
 Auto vars:     Size  Location     Type
  m               2   24[BANK0 ] int 
  m               2   22[BANK0 ] int 
  m               2   18[BANK0 ] int 
  m               2   16[BANK0 ] int 
  m               2   12[BANK0 ] int 
  m               2   10[BANK0 ] int 
  m               2    6[BANK0 ] int 
  m               2    4[BANK0 ] int 
  i               2   20[BANK0 ] int 
  i               2   14[BANK0 ] int 
  i               2    8[BANK0 ] int 
  i               2    2[BANK0 ] int 
  cnt             2   26[BANK0 ] int 
  acnt            2    0[BANK0 ] int 
 Return value:  Size  Location     Type
                  1    wreg      void 
 Registers used:
		wreg, fsr1l, fsr1h, fsr2l, fsr2h, status,2, status,0, prodl, prodh, cstack
 Tracked objects:
		On entry : 
		On exit  : 
		Unchanged: 
 Data sizes:     COMRAM   BANK0   BANK1
      Params:         0       0       0
      Locals:         0      28       0
      Temps:          5       0       0
      Totals:         5      28       0
Total ram usage:       33 bytes
 Hardware stack levels required when called:    4
 This function calls:
		_MODBUS_SLAVE
		_load_data_from_eeprom
		_memset
		_pic_init
		_uart_init
 This function is called by:
		Startup code after reset
 This function uses a non-reentrant model


 *************** function _uart_init *****************
 Defined at:
		line 120 in file "init.c"
 Parameters:    Size  Location     Type
  serialSpeed     2   29[COMRAM] unsigned int 
 Auto vars:     Size  Location     Type
		None
 Return value:  Size  Location     Type
                  1    wreg      void 
 Registers used:
		wreg, status,2, status,0, cstack
 Tracked objects:
		On entry : 
		On exit  : 
		Unchanged: 
 Data sizes:     COMRAM   BANK0   BANK1
      Params:         2       0       0
      Locals:         0       0       0
      Temps:          0       0       0
      Totals:         2       0       0
Total ram usage:        2 bytes
 Hardware stack levels used:    1
 Hardware stack levels required when called:    3
 This function calls:
		_BAUD_CALC
 This function is called by:
		_main
 This function uses a non-reentrant model


 *************** function _BAUD_CALC *****************
 Defined at:
		line 149 in file "init.c"
 Parameters:    Size  Location     Type
  x               2   19[COMRAM] unsigned int 
 Auto vars:     Size  Location     Type
  var             4   25[COMRAM] unsigned long 
  xlat            4   21[COMRAM] unsigned long 
 Return value:  Size  Location     Type
                  2   19[COMRAM] unsigned int 
 Registers used:
		wreg, status,2, status,0, cstack
 Tracked objects:
		On entry : 
		On exit  : 
		Unchanged: 
 Data sizes:     COMRAM   BANK0   BANK1
      Params:         2       0       0
      Locals:         8       0       0
      Temps:          0       0       0
      Totals:        10       0       0
Total ram usage:       10 bytes
 Hardware stack levels used:    1
 Hardware stack levels required when called:    2
 This function calls:
		___lldiv
 This function is called by:
		_uart_init
 This function uses a non-reentrant model


 *************** function ___lldiv *****************
 Defined at:
		line 7 in file "D:\Microchip\xc8\v2.00\pic\sources\c90\common\__lldiv.c"
 Parameters:    Size  Location     Type
  dividend        4    6[COMRAM] unsigned long 
  divisor         4   10[COMRAM] unsigned long 
 Auto vars:     Size  Location     Type
  quotient        4   14[COMRAM] unsigned long 
  counter         1   18[COMRAM] unsigned char 
 Return value:  Size  Location     Type
                  4    6[COMRAM] unsigned long 
 Registers used:
		wreg, status,2, status,0
 Tracked objects:
		On entry : 
		On exit  : 
		Unchanged: 
 Data sizes:     COMRAM   BANK0   BANK1
      Params:         8       0       0
      Locals:         5       0       0
      Temps:          0       0       0
      Totals:        13       0       0
Total ram usage:       13 bytes
 Hardware stack levels used:    1
 Hardware stack levels required when called:    1
 This function calls:
		Nothing
 This function is called by:
		_BAUD_CALC
 This function uses a non-reentrant model


 *************** function _pic_init *****************
 Defined at:
		line 7 in file "init.c"
 Parameters:    Size  Location     Type
		None
 Auto vars:     Size  Location     Type
		None
 Return value:  Size  Location     Type
                  1    wreg      void 
 Registers used:
		wreg, status,2
 Tracked objects:
		On entry : 
		On exit  : 
		Unchanged: 
 Data sizes:     COMRAM   BANK0   BANK1
      Params:         0       0       0
      Locals:         0       0       0
      Temps:          0       0       0
      Totals:         0       0       0
Total ram usage:        0 bytes
 Hardware stack levels used:    1
 Hardware stack levels required when called:    1
 This function calls:
		Nothing
 This function is called by:
		_main
 This function uses a non-reentrant model


 *************** function _load_data_from_eeprom *****************
 Defined at:
		line 47 in file "init.c"
 Parameters:    Size  Location     Type
		None
 Auto vars:     Size  Location     Type
  i               2   23[COMRAM] int 
  i               2   21[COMRAM] int 
  i               2   19[COMRAM] int 
  crc_out         1   18[COMRAM] unsigned char 
  crc             1   17[COMRAM] unsigned char 
 Return value:  Size  Location     Type
                  1    wreg      void 
 Registers used:
		wreg, fsr2l, fsr2h, status,2, status,0, cstack
 Tracked objects:
		On entry : 
		On exit  : 
		Unchanged: 
 Data sizes:     COMRAM   BANK0   BANK1
      Params:         0       0       0
      Locals:         8       0       0
      Temps:          3       0       0
      Totals:        11       0       0
Total ram usage:       11 bytes
 Hardware stack levels used:    1
 Hardware stack levels required when called:    2
 This function calls:
		_get_mbaddr_from_pin
		_memset
		_read_eeprom_my
		_write_eeprom_my
 This function is called by:
		_main
 This function uses a non-reentrant model


 *************** function _write_eeprom_my *****************
 Defined at:
		line 166 in file "init.c"
 Parameters:    Size  Location     Type
  addr            1    wreg     unsigned char 
  eeval           1    6[COMRAM] unsigned char 
 Auto vars:     Size  Location     Type
  addr            1    7[COMRAM] unsigned char 
  bk              1    8[COMRAM] unsigned char 
 Return value:  Size  Location     Type
                  1    wreg      void 
 Registers used:
		wreg, status,2
 Tracked objects:
		On entry : 
		On exit  : 
		Unchanged: 
 Data sizes:     COMRAM   BANK0   BANK1
      Params:         1       0       0
      Locals:         2       0       0
      Temps:          0       0       0
      Totals:         3       0       0
Total ram usage:        3 bytes
 Hardware stack levels used:    1
 Hardware stack levels required when called:    1
 This function calls:
		Nothing
 This function is called by:
		_load_data_from_eeprom
 This function uses a non-reentrant model


 *************** function _read_eeprom_my *****************
 Defined at:
		line 157 in file "init.c"
 Parameters:    Size  Location     Type
  addr            1    wreg     unsigned char 
 Auto vars:     Size  Location     Type
  addr            1    6[COMRAM] unsigned char 
 Return value:  Size  Location     Type
                  1    wreg      unsigned char 
 Registers used:
		wreg, status,2
 Tracked objects:
		On entry : 
		On exit  : 
		Unchanged: 
 Data sizes:     COMRAM   BANK0   BANK1
      Params:         0       0       0
      Locals:         1       0       0
      Temps:          0       0       0
      Totals:         1       0       0
Total ram usage:        1 bytes
 Hardware stack levels used:    1
 Hardware stack levels required when called:    1
 This function calls:
		Nothing
 This function is called by:
		_load_data_from_eeprom
 This function uses a non-reentrant model


 *************** function _memset *****************
 Defined at:
		line 8 in file "D:\Microchip\xc8\v2.00\pic\sources\c90\common\memset.c"
 Parameters:    Size  Location     Type
  p1              2    6[COMRAM] PTR void 
		 -> res_table(22), MODBUS(262), 
  c               2    8[COMRAM] int 
  n               2   10[COMRAM] unsigned int 
 Auto vars:     Size  Location     Type
  p               2   12[COMRAM] PTR unsigned char 
		 -> res_table(22), MODBUS(262), 
 Return value:  Size  Location     Type
                  2    6[COMRAM] PTR void 
 Registers used:
		wreg, fsr2l, fsr2h, status,2, status,0
 Tracked objects:
		On entry : 
		On exit  : 
		Unchanged: 
 Data sizes:     COMRAM   BANK0   BANK1
      Params:         6       0       0
      Locals:         2       0       0
      Temps:          0       0       0
      Totals:         8       0       0
Total ram usage:        8 bytes
 Hardware stack levels used:    1
 Hardware stack levels required when called:    1
 This function calls:
		Nothing
 This function is called by:
		_main
		_load_data_from_eeprom
 This function uses a non-reentrant model


 *************** function _get_mbaddr_from_pin *****************
 Defined at:
		line 108 in file "init.c"
 Parameters:    Size  Location     Type
		None
 Auto vars:     Size  Location     Type
  sw_value        1    7[COMRAM] unsigned char 
 Return value:  Size  Location     Type
                  1    wreg      unsigned char 
 Registers used:
		wreg, status,2, status,0
 Tracked objects:
		On entry : 
		On exit  : 
		Unchanged: 
 Data sizes:     COMRAM   BANK0   BANK1
      Params:         0       0       0
      Locals:         1       0       0
      Temps:          1       0       0
      Totals:         2       0       0
Total ram usage:        2 bytes
 Hardware stack levels used:    1
 Hardware stack levels required when called:    1
 This function calls:
		Nothing
 This function is called by:
		_load_data_from_eeprom
 This function uses a non-reentrant model


 *************** function _MODBUS_SLAVE *****************
 Defined at:
		line 10 in file "modbus.c"
 Parameters:    Size  Location     Type
  MODBUS          2   23[COMRAM] PTR struct .
		 -> MODBUS(262), 
 Auto vars:     Size  Location     Type
  tmp             2   30[COMRAM] unsigned int 
 Return value:  Size  Location     Type
                  1    wreg      void 
 Registers used:
		wreg, fsr1l, fsr1h, fsr2l, fsr2h, status,2, status,0, prodl, prodh, cstack
 Tracked objects:
		On entry : 
		On exit  : 
		Unchanged: 
 Data sizes:     COMRAM   BANK0   BANK1
      Params:         2       0       0
      Locals:         2       0       0
      Temps:          5       0       0
      Totals:         9       0       0
Total ram usage:        9 bytes
 Hardware stack levels used:    1
 Hardware stack levels required when called:    3
 This function calls:
		_CRC16
		_TX_03
		_TX_16
		_TX_ERROR
		_TX_FRAME
 This function is called by:
		_main
 This function uses a non-reentrant model


 *************** function _TX_FRAME *****************
 Defined at:
		line 125 in file "modbus.c"
 Parameters:    Size  Location     Type
  MODBUS          2    6[COMRAM] PTR struct .
		 -> MODBUS(262), 
 Auto vars:     Size  Location     Type
		None
 Return value:  Size  Location     Type
                  1    wreg      void 
 Registers used:
		wreg, fsr1l, fsr1h, fsr2l, fsr2h, status,2, status,0, prodl, prodh
 Tracked objects:
		On entry : 
		On exit  : 
		Unchanged: 
 Data sizes:     COMRAM   BANK0   BANK1
      Params:         2       0       0
      Locals:         0       0       0
      Temps:          2       0       0
      Totals:         4       0       0
Total ram usage:        4 bytes
 Hardware stack levels used:    1
 Hardware stack levels required when called:    1
 This function calls:
		Nothing
 This function is called by:
		_MODBUS_SLAVE
 This function uses a non-reentrant model


 *************** function _TX_16 *****************
 Defined at:
		line 95 in file "modbus.c"
 Parameters:    Size  Location     Type
  MODBUS          2    9[COMRAM] PTR struct .
		 -> MODBUS(262), 
 Auto vars:     Size  Location     Type
  i               2   18[COMRAM] unsigned int 
  regAddr         2   21[COMRAM] unsigned int 
  j               1   20[COMRAM] unsigned char 
  regCount        1   17[COMRAM] unsigned char 
 Return value:  Size  Location     Type
                  1    wreg      void 
 Registers used:
		wreg, fsr2l, fsr2h, status,2, status,0, prodl, prodh, cstack
 Tracked objects:
		On entry : 
		On exit  : 
		Unchanged: 
 Data sizes:     COMRAM   BANK0   BANK1
      Params:         2       0       0
      Locals:         6       0       0
      Temps:          6       0       0
      Totals:        14       0       0
Total ram usage:       14 bytes
 Hardware stack levels used:    1
 Hardware stack levels required when called:    2
 This function calls:
		_TX_ERROR
 This function is called by:
		_MODBUS_SLAVE
 This function uses a non-reentrant model


 *************** function _TX_03 *****************
 Defined at:
		line 60 in file "modbus.c"
 Parameters:    Size  Location     Type
  MODBUS          2    9[COMRAM] PTR struct .
		 -> MODBUS(262), 
 Auto vars:     Size  Location     Type
  m               2   21[COMRAM] unsigned int 
  regCount        2   19[COMRAM] unsigned int 
  regAddr         2   17[COMRAM] unsigned int 
  n               2   15[COMRAM] unsigned int 
 Return value:  Size  Location     Type
                  1    wreg      void 
 Registers used:
		wreg, fsr1l, fsr1h, fsr2l, fsr2h, status,2, status,0, cstack
 Tracked objects:
		On entry : 
		On exit  : 
		Unchanged: 
 Data sizes:     COMRAM   BANK0   BANK1
      Params:         2       0       0
      Locals:         8       0       0
      Temps:          4       0       0
      Totals:        14       0       0
Total ram usage:       14 bytes
 Hardware stack levels used:    1
 Hardware stack levels required when called:    2
 This function calls:
		_TX_ERROR
 This function is called by:
		_MODBUS_SLAVE
 This function uses a non-reentrant model


 *************** function _TX_ERROR *****************
 Defined at:
		line 146 in file "modbus.c"
 Parameters:    Size  Location     Type
  MODBUS          2    6[COMRAM] PTR struct .
		 -> MODBUS(262), 
  error_type      1    8[COMRAM] unsigned char 
 Auto vars:     Size  Location     Type
		None
 Return value:  Size  Location     Type
                  1    wreg      void 
 Registers used:
		wreg, fsr2l, fsr2h, status,2, status,0
 Tracked objects:
		On entry : 
		On exit  : 
		Unchanged: 
 Data sizes:     COMRAM   BANK0   BANK1
      Params:         3       0       0
      Locals:         0       0       0
      Temps:          0       0       0
      Totals:         3       0       0
Total ram usage:        3 bytes
 Hardware stack levels used:    1
 Hardware stack levels required when called:    1
 This function calls:
		Nothing
 This function is called by:
		_MODBUS_SLAVE
		_TX_03
		_TX_16
 This function uses a non-reentrant model


 *************** function _CRC16 *****************
 Defined at:
		line 158 in file "modbus.c"
 Parameters:    Size  Location     Type
  ptrByte         2    6[COMRAM] PTR unsigned char 
		 -> MODBUS(262), 
  byte_cnt        2    8[COMRAM] int 
 Auto vars:     Size  Location     Type
  w               2   16[COMRAM] unsigned int 
  shift_cnt       1   15[COMRAM] unsigned char 
 Return value:  Size  Location     Type
                  2    6[COMRAM] unsigned int 
 Registers used:
		wreg, fsr2l, fsr2h, status,2, status,0
 Tracked objects:
		On entry : 
		On exit  : 
		Unchanged: 
 Data sizes:     COMRAM   BANK0   BANK1
      Params:         4       0       0
      Locals:         3       0       0
      Temps:          5       0       0
      Totals:        12       0       0
Total ram usage:       12 bytes
 Hardware stack levels used:    1
 Hardware stack levels required when called:    1
 This function calls:
		Nothing
 This function is called by:
		_MODBUS_SLAVE
 This function uses a non-reentrant model


 *************** function _isr *****************
 Defined at:
		line 13 in file "main.c"
 Parameters:    Size  Location     Type
		None
 Auto vars:     Size  Location     Type
  bfVal           1    5[COMRAM] unsigned char 
 Return value:  Size  Location     Type
                  1    wreg      void 
 Registers used:
		wreg, fsr2l, fsr2h, status,2, status,0, prodl, prodh
 Tracked objects:
		On entry : 
		On exit  : 
		Unchanged: 
 Data sizes:     COMRAM   BANK0   BANK1
      Params:         0       0       0
      Locals:         1       0       0
      Temps:          5       0       0
      Totals:         6       0       0
Total ram usage:        6 bytes
 Hardware stack levels used:    1
 This function calls:
		Nothing
 This function is called by:
		Interrupt level 2
 This function uses a non-reentrant model



MODULE INFORMATION

Module		Function		Class		Link	Load	Size
D:\Microchip\xc8\v2.00\pic\sources\c90\common\__lldiv.c
		___lldiv       		CODE           	0F1C	0000	185

D:\Microchip\xc8\v2.00\pic\sources\c90\common\__lldiv.c estimated size: 185

modbus.c
		_TX_FRAME      		CODE           	0FD4	0000	159
		_TX_16         		CODE           	0CDA	0000	319
		_TX_ERROR      		CODE           	127C	0000	51
		_MODBUS_SLAVE  		CODE           	0888	0000	651
		_TX_03         		CODE           	0B12	0000	457
		_CRC16         		CODE           	0E18	0000	261

modbus.c estimated size: 1898

shared
		__initialization		CODE           	12AE	0000	33

shared estimated size: 33

init.c
		_pic_init      		CODE           	1164	0000	85
		_read_eeprom_my		CODE           	12DC	0000	35
		_uart_init     		CODE           	11FC	0000	65
		_write_eeprom_my		CODE           	11B8	0000	69
		_load_data_from_eeprom		CODE           	05C8	0000	705
		_BAUD_CALC     		CODE           	1100	0000	101
		_get_mbaddr_from_pin		CODE           	1072	0000	143

init.c estimated size: 1203

main.c
		_main          		CODE           	0168	0000	1121
		_isr           		CODE           	0008	0000	349

main.c estimated size: 1470

D:\Microchip\xc8\v2.00\pic\sources\c90\common\memset.c
		_memset        		CODE           	123C	0000	65

D:\Microchip\xc8\v2.00\pic\sources\c90\common\memset.c estimated size: 65

